$0100 : PWM_Level                        : 1 bytes : D:\Projects\WalkingLight\Firmwares\mcu\PWM.alg
$0101 : PWM_Pos                          : 1 bytes : D:\Projects\WalkingLight\Firmwares\mcu\PWM.alg
$0102 : PWM_Effect_Counter               : 2 bytes : D:\Projects\WalkingLight\Firmwares\mcu\PWM.alg
$0104 : RND                              : 1 bytes : D:\Projects\WalkingLight\Firmwares\mcu\RND.alg
$0105 : EX_Key_Dreb_Cnt                  : 1 bytes : D:\Projects\WalkingLight\Firmwares\mcu\EX_Key.alg
$010C : EX_Key_Encoder_Flag              : 1 bytes : D:\Projects\WalkingLight\Firmwares\mcu\EX_Key.alg
$010D : EX_Key_Encoder_Hold              : 1 bytes : D:\Projects\WalkingLight\Firmwares\mcu\EX_Key.alg
$010E : UART_Z_temp                      : 2 bytes : D:\Projects\WalkingLight\Firmwares\mcu\UART.alg
$0110 : UART_Receive_Buffer              : 1 bytes : D:\Projects\WalkingLight\Firmwares\mcu\UART.alg
$0311 : UART_Receive_Buffer_Pointer      : 2 bytes : D:\Projects\WalkingLight\Firmwares\mcu\UART.alg
$0313 : UART_Transmit_Buffer             : 1 bytes : D:\Projects\WalkingLight\Firmwares\mcu\UART.alg
$0513 : UART_Transmit_IN_Buffer_Pointer  : 2 bytes : D:\Projects\WalkingLight\Firmwares\mcu\UART.alg
$0515 : UART_Transmit_OUT_Buffer_Pointer : 2 bytes : D:\Projects\WalkingLight\Firmwares\mcu\UART.alg
$0517 : UART_r16_temp                    : 1 bytes : D:\Projects\WalkingLight\Firmwares\mcu\UART.alg
$0518 : STimer_Counter                   : 1 bytes : D:\Projects\WalkingLight\Firmwares\mcu\STimer.alg
$051B : STimer_Counter_Stop              : 1 bytes : D:\Projects\WalkingLight\Firmwares\mcu\STimer.alg
$051E : ssd_Mods                         : 1 bytes : D:\Projects\WalkingLight\Firmwares\mcu\ssd1306.alg
$051F : ssd_Last_X                       : 1 bytes : D:\Projects\WalkingLight\Firmwares\mcu\ssd1306.alg
$0520 : ssd_Last_Y                       : 1 bytes : D:\Projects\WalkingLight\Firmwares\mcu\ssd1306.alg
$0521 : ssd_out_buffer                   : 1 bytes : D:\Projects\WalkingLight\Firmwares\mcu\ssd1306.alg
$05A1 : ssd_out_buffer_in                : 2 bytes : D:\Projects\WalkingLight\Firmwares\mcu\ssd1306.alg
$05A3 : ssd_out_buffer_out               : 2 bytes : D:\Projects\WalkingLight\Firmwares\mcu\ssd1306.alg
$05A5 : ssd_out_flag                     : 1 bytes : D:\Projects\WalkingLight\Firmwares\mcu\ssd1306.alg
$05A6 : PRINT_Z_temp                     : 2 bytes : D:\Projects\WalkingLight\Firmwares\mcu\Print.alg
$05A8 : PRINT_Dec0_Flag                  : 1 bytes : D:\Projects\WalkingLight\Firmwares\mcu\Print.alg
$05A9 : PrintU_Z_temp                    : 2 bytes : D:\Projects\WalkingLight\Firmwares\mcu\PrintU.alg
$05AB : PrintU_Dec0_Flag                 : 1 bytes : D:\Projects\WalkingLight\Firmwares\mcu\PrintU.alg
$05AC : People_Number                    : 1 bytes : D:\Projects\WalkingLight\Firmwares\mcu\Logic.alg
$05AD : Stair_Level_Out                  : 1 bytes : D:\Projects\WalkingLight\Firmwares\mcu\Stairs.alg
$05C5 : Stair_Level_Effect               : 1 bytes : D:\Projects\WalkingLight\Firmwares\mcu\Stairs.alg
$05DD : Stair_Level_Temp                 : 1 bytes : D:\Projects\WalkingLight\Firmwares\mcu\Stairs.alg
$05F5 : Stair_On                         : 1 bytes : D:\Projects\WalkingLight\Firmwares\mcu\Stairs.alg
$05F6 : Stair_Work_Counter               : 1 bytes : D:\Projects\WalkingLight\Firmwares\mcu\Stairs.alg
$05F7 : Effect_Mode                      : 1 bytes : D:\Projects\WalkingLight\Firmwares\mcu\Stairs.alg
$05F8 : Effect_Number                    : 1 bytes : D:\Projects\WalkingLight\Firmwares\mcu\Stairs.alg
$05F9 : Effect_Demo_Mode                 : 1 bytes : D:\Projects\WalkingLight\Firmwares\mcu\Stairs.alg
$05FA : Effect_Direction                 : 1 bytes : D:\Projects\WalkingLight\Firmwares\mcu\Stairs.alg
$05FB : Effect_Result_Speed              : 1 bytes : D:\Projects\WalkingLight\Firmwares\mcu\Stairs.alg
$05FC : Effect_Result_Bright             : 1 bytes : D:\Projects\WalkingLight\Firmwares\mcu\Stairs.alg
$05FD : Effect_Result_Contrast           : 1 bytes : D:\Projects\WalkingLight\Firmwares\mcu\Stairs.alg
$05FE : Effect_Set_Table                 : 1 bytes : D:\Projects\WalkingLight\Firmwares\mcu\Stairs.alg
$05FE : Effect_Overall                   : 1 bytes : D:\Projects\WalkingLight\Firmwares\mcu\Stairs.alg
$05FF : Effect_Overall_Speed             : 1 bytes : D:\Projects\WalkingLight\Firmwares\mcu\Stairs.alg
$0600 : Effect_Overall_Bright            : 1 bytes : D:\Projects\WalkingLight\Firmwares\mcu\Stairs.alg
$0601 : Effect_Overall_Contrast          : 1 bytes : D:\Projects\WalkingLight\Firmwares\mcu\Stairs.alg
$0602 : Effect_Standby                   : 1 bytes : D:\Projects\WalkingLight\Firmwares\mcu\Stairs.alg
$0603 : Effect_Standby_Speed             : 1 bytes : D:\Projects\WalkingLight\Firmwares\mcu\Stairs.alg
$0604 : Effect_Standby_Bright            : 1 bytes : D:\Projects\WalkingLight\Firmwares\mcu\Stairs.alg
$0605 : Effect_Standby_Contrast          : 1 bytes : D:\Projects\WalkingLight\Firmwares\mcu\Stairs.alg
$0606 : Effect_Entrance                  : 1 bytes : D:\Projects\WalkingLight\Firmwares\mcu\Stairs.alg
$0607 : Effect_Entrance_Speed            : 1 bytes : D:\Projects\WalkingLight\Firmwares\mcu\Stairs.alg
$0608 : Effect_Entrance_Bright           : 1 bytes : D:\Projects\WalkingLight\Firmwares\mcu\Stairs.alg
$0609 : Effect_Entrance_Contrast         : 1 bytes : D:\Projects\WalkingLight\Firmwares\mcu\Stairs.alg
$060A : Effect_Attend                    : 1 bytes : D:\Projects\WalkingLight\Firmwares\mcu\Stairs.alg
$060B : Effect_Attend_Speed              : 1 bytes : D:\Projects\WalkingLight\Firmwares\mcu\Stairs.alg
$060C : Effect_Attend_Bright             : 1 bytes : D:\Projects\WalkingLight\Firmwares\mcu\Stairs.alg
$060D : Effect_Attend_Contrast           : 1 bytes : D:\Projects\WalkingLight\Firmwares\mcu\Stairs.alg
$060E : Effect_CrossAttend               : 1 bytes : D:\Projects\WalkingLight\Firmwares\mcu\Stairs.alg
$060F : Effect_CrossAttend_Speed         : 1 bytes : D:\Projects\WalkingLight\Firmwares\mcu\Stairs.alg
$0610 : Effect_CrossAttend_Bright        : 1 bytes : D:\Projects\WalkingLight\Firmwares\mcu\Stairs.alg
$0611 : Effect_CrossAttend_Contrast      : 1 bytes : D:\Projects\WalkingLight\Firmwares\mcu\Stairs.alg
$0612 : Effect_Exit                      : 1 bytes : D:\Projects\WalkingLight\Firmwares\mcu\Stairs.alg
$0613 : Effect_Exit_Speed                : 1 bytes : D:\Projects\WalkingLight\Firmwares\mcu\Stairs.alg
$0614 : Effect_Exit_Bright               : 1 bytes : D:\Projects\WalkingLight\Firmwares\mcu\Stairs.alg
$0615 : Effect_Exit_Contrast             : 1 bytes : D:\Projects\WalkingLight\Firmwares\mcu\Stairs.alg
$0616 : Stairs_Number                    : 1 bytes : D:\Projects\WalkingLight\Firmwares\mcu\Stairs.alg
$0617 : Sensors_Number                   : 1 bytes : D:\Projects\WalkingLight\Firmwares\mcu\Stairs.alg
$0618 : Effect_Start_End_bright          : 1 bytes : D:\Projects\WalkingLight\Firmwares\mcu\Stairs.alg
$0619 : Effect_Work_Timer                : 1 bytes : D:\Projects\WalkingLight\Firmwares\mcu\Stairs.alg
$061A : Stat_On_Hours                    : 2 bytes : D:\Projects\WalkingLight\Firmwares\mcu\Stairs.alg
$061C : Stat_Number_Passes               : 2 bytes : D:\Projects\WalkingLight\Firmwares\mcu\Stairs.alg
$061E : Global_lightLevelThreshold       : 1 bytes : D:\Projects\WalkingLight\Firmwares\mcu\Stairs.alg
$061F : Global_periodImitation           : 1 bytes : D:\Projects\WalkingLight\Firmwares\mcu\Stairs.alg
$0620 : Global_mode                      : 1 bytes : D:\Projects\WalkingLight\Firmwares\mcu\Stairs.alg
$0621 : Service_imitationMode            : 1 bytes : D:\Projects\WalkingLight\Firmwares\mcu\Stairs.alg
$0622 : Stat_Last_Passes_Hours           : 1 bytes : D:\Projects\WalkingLight\Firmwares\mcu\Stairs.alg
$0623 : Stat_Passes_Hour                 : 1 bytes : D:\Projects\WalkingLight\Firmwares\mcu\Stairs.alg
$0624 : Menu_Pointer                     : 2 bytes : D:\Projects\WalkingLight\Firmwares\mcu\Menu.alg
$0626 : Menu_Action                      : 1 bytes : D:\Projects\WalkingLight\Firmwares\mcu\Menu.alg
$0627 : Menu_Z_temp                      : 2 bytes : D:\Projects\WalkingLight\Firmwares\mcu\Menu.alg
$0629 : Menu_Pos                         : 1 bytes : D:\Projects\WalkingLight\Firmwares\mcu\Menu_Struct.alg
$062A : Menu_Draw_Flag                   : 1 bytes : D:\Projects\WalkingLight\Firmwares\mcu\Menu_Struct.alg
$062B : Memu_Level                       : 1 bytes : D:\Projects\WalkingLight\Firmwares\mcu\Menu_Struct.alg
$062C : Menu_Main_counter                : 1 bytes : D:\Projects\WalkingLight\Firmwares\mcu\Menu_Struct.alg
$062D : D_Menu_General_Pos               : 1 bytes : D:\Projects\WalkingLight\Firmwares\mcu\Menu_Struct.alg
$062E : D_Menu_System_Pos                : 1 bytes : D:\Projects\WalkingLight\Firmwares\mcu\Menu_Struct.alg
$062F : D_Menu_Mode_Pos                  : 1 bytes : D:\Projects\WalkingLight\Firmwares\mcu\Menu_Struct.alg
$0630 : D_Menu_Overall_Pos               : 1 bytes : D:\Projects\WalkingLight\Firmwares\mcu\Menu_Struct.alg
$0631 : D_Menu_Standby_Pos               : 1 bytes : D:\Projects\WalkingLight\Firmwares\mcu\Menu_Struct.alg
$0632 : D_Menu_Entrance_Pos              : 1 bytes : D:\Projects\WalkingLight\Firmwares\mcu\Menu_Struct.alg
$0633 : D_Menu_Attend_Pos                : 1 bytes : D:\Projects\WalkingLight\Firmwares\mcu\Menu_Struct.alg
$0634 : D_Menu_CrossAttend_Pos           : 1 bytes : D:\Projects\WalkingLight\Firmwares\mcu\Menu_Struct.alg
$0635 : D_Menu_Exit_Pos                  : 1 bytes : D:\Projects\WalkingLight\Firmwares\mcu\Menu_Struct.alg
$0636 : D_Menu_Scheme_Pos                : 1 bytes : D:\Projects\WalkingLight\Firmwares\mcu\Menu_Struct.alg
$0637 : Menu_Scheme_Check                : 1 bytes : D:\Projects\WalkingLight\Firmwares\mcu\Menu_Struct.alg
$0638 : D_Menu_Simulation_Pos            : 1 bytes : D:\Projects\WalkingLight\Firmwares\mcu\Menu_Struct.alg
$0639 : D_Menu_Stat_Pos                  : 1 bytes : D:\Projects\WalkingLight\Firmwares\mcu\Menu_Struct.alg
$063A : D_Menu_Info_Pos                  : 1 bytes : D:\Projects\WalkingLight\Firmwares\mcu\Menu_Struct.alg
$063B : Menu_actFlag                     : 1 bytes : D:\Projects\WalkingLight\Firmwares\mcu\Menu_Struct.alg
$063C : EDisp_Pointer_Flash_Bank         : 2 bytes : D:\Projects\WalkingLight\Firmwares\mcu\EDisp.alg
$063E : EDisp_Pointer_SRAM_Bank          : 2 bytes : D:\Projects\WalkingLight\Firmwares\mcu\EDisp.alg
$0640 : EDisp_SRAM_Bank                  : 1 bytes : D:\Projects\WalkingLight\Firmwares\mcu\EDisp.alg
$06A0 : wlParse_tempY                    : 2 bytes : D:\Projects\WalkingLight\Firmwares\mcu\wlParse.alg
$06A2 : wlParse_CRC                      : 1 bytes : D:\Projects\WalkingLight\Firmwares\mcu\wlParse.alg
